// Jest Snapshot v1, https://goo.gl/fbAQLP

exports[`errors.js 1`] = `
Object {
  "rules": Object {
    "no-console": "warn",
  },
}
`;
