// Jest Snapshot v1, https://goo.gl/fbAQLP

exports[`es6.js 1`] = `
Object {
  "rules": Object {
    "prefer-arrow-callback": "error",
    "prefer-const": "error",
  },
}
`;
